---
source: tests/golden_report.rs
expression: skeleton
---
<!DOCTYPE html>
<html lang="en">
<head>
<meta charset="utf-8">
<meta name="viewport" content="width=device-width, initial-scale=1">
<title>cute-dbt report</title>
<link rel="icon" href="data:,">
<style></style>
<style></style>
</head>
<body>

<header class="report-header">
  <h1>cute-dbt report</h1>
</header>

<section class="diff-scope-banner" aria-label="Diff scope">
  <p class="diff-scope-line">
    <span class="diff-scope-text">Showing 1 unit test in scope</span> —
    vs baseline manifest <code class="diff-scope-baseline">jaffle-shop-baseline.json</code>.
  </p>
</section>

<section class="error-card" role="alert" aria-label="Manifest error">
  <h2>This manifest can't be visualized</h2>
  <div class="error-node-id">node: <code>—</code></div>
  <p class="error-remediation">
    Re-run with <code>dbt compile</code> or <code>dbt run</code> —
    <code>dbt parse</code> does not produce compiled SQL.
  </p>
</section>

<section class="test-selection" aria-label="Test selection">
  <!-- cute-dbt#91 — global scope toggle. "Updated only" (default)
       foregrounds the tests this diff updated; "All tests" reveals every
       test on the in-scope models. The server marks "Updated only" active;
       the JS re-syncs at boot (auto-selecting "All tests" when the diff
       updated zero tests). data-testid handles keep the headless toggle
       test off brittle class names. -->
  <div class="test-mode-toggle" role="group" aria-label="Test scope" data-testid="updated-toggle">
    <button type="button" data-test-mode="updated" class="is-active" aria-pressed="true">Updated only</button>
    <button type="button" data-test-mode="all" aria-pressed="false">All tests</button>
  </div>
  <div class="test-selector-row">
    <div class="selector-field">
      <label for="model-select">Model</label>
      <select id="model-select"></select>
      <span class="incremental-badge" hidden>incremental</span>
    </div>
    <span class="selector-arrow" aria-hidden="true">→</span>
    <div class="selector-field">
      <label for="test-select">Unit test</label>
      <select id="test-select"></select>
    </div>
  </div>
  <p class="zero-updated-hint" data-testid="zero-updated-hint" hidden></p>

  <details class="test-details">
    <summary>Test details</summary>
    <div class="test-details-body"></div>
  </details>
</section>

<section class="model-sql" aria-label="Model SQL">
  <details class="model-sql-details">
    <summary>Model SQL<span class="model-sql-summary-hint">raw, with Jinja</span></summary>
    <div class="sql-block-wrap model-sql-wrap">
      <button type="button" class="sql-copy model-sql-copy">Copy</button>
      <pre class="sql-block model-sql-block"><code class="model-sql-code"></code></pre>
    </div>
  </details>
</section>

<section class="cte-dag" aria-label="CTE dependency DAG">
  <div class="cte-dag-header">
    <h2>CTE dependency DAG</h2>
    <p class="cte-dag-subtitle">Click a node (or Tab to it and press Enter) to inspect.</p>
  </div>
  <div class="recursive-banner" hidden>
    Recursive CTE present; recursive arm omitted from DAG (v0.1 limit).
  </div>
  <div class="cte-dag-mermaid"></div>
  <div class="dag-legend">
    <div class="dag-legend-group">
      <span class="dag-legend-title">node role</span>
      <span class="dag-legend-roles"></span>
    </div>
    <div class="dag-legend-group">
      <span class="dag-legend-title">edge type</span>
      <span class="dag-legend-joins"></span>
    </div>
  </div>
</section>

<!-- cute-dbt#74 — Description banner relocated between CTE DAG and
     inspect/expected sections. Reduces cognitive scroll for reviewers
     (context lives next to the test substance they're evaluating) and
     nudges analytics engineers to author better descriptions. The
     section starts with `.is-hidden`; the JS toggles the class based
     on whether the selected test carries a description so the
     aria-labeled landmark drops from both the DOM and the
     accessibility tree on empty (class-based toggle is whitespace-
     robust per Gemini-disposition on PR#77). Full long-form context
     remains surfaced in the Authoring YAML drawer above (catch-all). -->
<section class="test-description-section is-hidden" aria-label="Test description">
  <p class="test-description"></p>
</section>

<div class="panel-row">

  <section class="panel left-panel" aria-label="Node detail / All inputs">
    <div class="panel-header">
      <h2>Inspect</h2>
      <div class="panel-toggle" role="group" aria-label="Left panel mode">
        <button type="button" data-mode="node"   class="is-active" aria-pressed="true">Node detail</button>
        <button type="button" data-mode="inputs" aria-pressed="false">All inputs</button>
      </div>
    </div>
    <div class="left-panel-body" data-mode="node"></div>
  </section>

  <section class="panel expected-panel" aria-label="Expected output">
    <div class="panel-header">
      <h2>Expected</h2>
      <span class="row-count-badge expected-rowcount">0 rows</span>
    </div>
    <div class="expected-body"></div>
  </section>

</div>

<script type="application/json" id="cute-dbt-data"></script>

<script></script>
<script></script>
<script></script>

<script></script>
</body>
</html>
